------------------------------------------------------------
Timing Analyzer Summary
------------------------------------------------------------

Type  : Slow 1200mV 85C Model Setup 'clk'
Slack : -3.678
TNS   : -38.712

Type  : Slow 1200mV 85C Model Setup 'UART_Rx:comb_14|i'
Slack : -1.132
TNS   : -6.885

Type  : Slow 1200mV 85C Model Hold 'UART_Rx:comb_14|i'
Slack : 0.362
TNS   : 0.000

Type  : Slow 1200mV 85C Model Hold 'clk'
Slack : 0.641
TNS   : 0.000

Type  : Slow 1200mV 85C Model Minimum Pulse Width 'clk'
Slack : -3.000
TNS   : -53.558

Type  : Slow 1200mV 85C Model Minimum Pulse Width 'UART_Rx:comb_14|i'
Slack : -1.487
TNS   : -19.331

Type  : Slow 1200mV 0C Model Setup 'clk'
Slack : -3.445
TNS   : -33.612

Type  : Slow 1200mV 0C Model Setup 'UART_Rx:comb_14|i'
Slack : -0.963
TNS   : -5.579

Type  : Slow 1200mV 0C Model Hold 'UART_Rx:comb_14|i'
Slack : 0.324
TNS   : 0.000

Type  : Slow 1200mV 0C Model Hold 'clk'
Slack : 0.537
TNS   : 0.000

Type  : Slow 1200mV 0C Model Minimum Pulse Width 'clk'
Slack : -3.000
TNS   : -53.558

Type  : Slow 1200mV 0C Model Minimum Pulse Width 'UART_Rx:comb_14|i'
Slack : -1.487
TNS   : -19.331

Type  : Fast 1200mV 0C Model Setup 'clk'
Slack : -0.819
TNS   : -1.958

Type  : Fast 1200mV 0C Model Setup 'UART_Rx:comb_14|i'
Slack : 0.167
TNS   : 0.000

Type  : Fast 1200mV 0C Model Hold 'clk'
Slack : 0.135
TNS   : 0.000

Type  : Fast 1200mV 0C Model Hold 'UART_Rx:comb_14|i'
Slack : 0.152
TNS   : 0.000

Type  : Fast 1200mV 0C Model Minimum Pulse Width 'clk'
Slack : -3.000
TNS   : -38.037

Type  : Fast 1200mV 0C Model Minimum Pulse Width 'UART_Rx:comb_14|i'
Slack : -1.000
TNS   : -13.000

------------------------------------------------------------
